Test Report Text